<html>
<body>
<pre>
<h1>µVision Build Log</h1>
<h2>Tool Versions:</h2>
IDE-Version: µVision V5.12.0.0
Copyright (C) 2014 ARM Ltd and ARM Germany GmbH. All rights reserved.
License Information: Francisco Morales Carlin, Escuela Superior de Ingenieria, LIC=----
 
Tool Versions:
Toolchain:       MDK-Lite  Version: 5.12.0.0
Toolchain Path:  C:\Keil_v5\ARM\ARMCC\Bin
C Compiler:      Armcc.exe V5.05 (build 41)
Assembler:       Armasm.exe V5.05 (build 41)
Linker/Locator:  ArmLink.exe V5.05 (build 41)
Library Manager: ArmAr.exe V5.05 (build 41)
Hex Converter:   FromElf.exe V5.05 (build 41)
CPU DLL:         SARMCM3.DLL V5.12.0.0
Dialog DLL:      DCM.DLL V1.13.0.0
    Target DLL: Segger\JL2CM3.dll
Dialog DLL:      TCM.DLL V1.14.2.0
 
<h2>Project:</h2>
C:\Users\Francisco\Documents\gii\dbm\i2c0_lpc4088\i2c_wii.uvproj
Project File Date:  01/28/2016

<h2>Output:</h2>
Rebuild target 'Target 1'
compiling font8x16.c...
compiling font16x32.c...
compiling glcd.c...
compiling i2c0_lpc4088.c...
compiling main.c...
compiling nunchuk.c...
compiling sdram.c...
assembling startup_LPC407x_8x_177x_8x.s...
compiling system_LPC407x_8x_177x_8x.c...
linking...
Program Size: Code=6916 RO-data=14068 RW-data=32 ZI-data=1120  
".\Objects\i2c_wii.axf" - 0 Error(s), 0 Warning(s).

<h2>Software Packages used:</h2>

Package Vendor: ARM
                http://www.keil.com/pack/ARM.CMSIS.4.2.0.pack
                ARM::CMSIS:CORE:3.40.0
                CMSIS (Cortex Microcontroller Software Interface Standard)
   * Component: CORE Version: 3.40.0

Package Vendor: Keil
                http://www.keil.com/pack/Keil.LPC4000_DFP.2.0.0.pack
                Keil::Device:Startup:1.0.1
                NXP LPC4000 Series Device Support
   * Component: Startup Version: 1.0.1

<h2>Collection of Component include folders:</h2>
  C:\Users\Francisco\Documents\gii\dbm\i2c0_lpc4088\RTE
  C:\Users\Francisco\Documents\gii\dbm\i2c0_lpc4088\RTE\Device\LPC4088FET208
  C:\Keil_v5\ARM\PACK\ARM\CMSIS\4.2.0\CMSIS\Include
  C:\Keil_v5\ARM\PACK\Keil\LPC4000_DFP\2.0.0
  C:\Keil_v5\ARM\PACK\Keil\LPC4000_DFP\2.0.0\Device\Include

<h2>Collection of Component Files used:</h2>

   * Component: ARM::CMSIS:CORE:3.40.0
      Source file:   CMSIS\UserCodeTemplates\ARM\ITM_Retarget.c

   * Component: Keil::Device:Startup:1.0.1
      Source file:   Device\Source\ARM\startup_LPC407x_8x_177x_8x.s
      Include file:  RTE_Driver\Config\RTE_Device.h
      Source file:   Device\Source\system_LPC407x_8x_177x_8x.c
      Include file:  Device\Include\LPC407x_8x_177x_8x.h
Load "C:\\Users\\Francisco\\Documents\\gii\\dbm\\i2c0_lpc4088\\Objects\\i2c_wii.axf" 
* JLink Info: Device "UNSPECIFIED" selected.
Set JLink Project File to "C:\Users\Francisco\Documents\gii\dbm\i2c0_lpc4088\JLinkSettings.ini"
* JLink Info: Device "UNSPECIFIED" selected.
 
JLink info:
------------
DLL: V4.98 , compiled Mar 20 2015 18:23:08
Firmware: J-Link ARM V8 compiled Nov 28 2014 13:44:46
Hardware: V8.00
S/N : 268006194 
OEM : SEGGER-EDU 
Feature(s) : FlashBP, GDB 
 
* JLink Info: TotalIRLen = 4, IRPrint = 0x01
* JLink Info: Found Cortex-M4 r0p1, Little endian.
* JLink Info: FPUnit: 6 code (BP) slots and 2 literal slots
* JLink Info: CoreSight components:
* JLink Info: ROMTbl 0 @ E00FF000
* JLink Info: ROMTbl 0 [0]: FFF0F000, CID: B105E00D, PID: 000BB00C SCS
* JLink Info: ROMTbl 0 [1]: FFF02000, CID: B105E00D, PID: 003BB002 DWT
* JLink Info: ROMTbl 0 [2]: FFF03000, CID: B105E00D, PID: 002BB003 FPB
* JLink Info: ROMTbl 0 [3]: FFF01000, CID: B105E00D, PID: 003BB001 ITM
* JLink Info: ROMTbl 0 [4]: FFF41000, CID: B105900D, PID: 000BB9A1 TPIU
* JLink Info: ROMTbl 0 [5]: FFF42000, CID: B105900D, PID: 000BB925 ETM
ROMTableAddr = 0xE00FF003
 
Target info:
------------
Device: LPC4088FET208
VTarget = 3.280V
State of Pins: 
TCK: 1, TDI: 0, TDO: 0, TMS: 0, TRES: 1, TRST: 1
Hardware-Breakpoints: 6
Software-Breakpoints: 8192
Watchpoints:          4
JTAG speed: 2000 kHz
 
Erase Done.
Programming Done.
Verify OK.
CID: B105900D, PID: 000BB925 ETM
ROMTableAddr = 0xE00FF003
 
Target info:
------------
Device: LPC4088FET208
VTarget = 3.280V
State of Pins: 
TCK: 1, TDI: 0, TDO: 0, TMS: 0, TRES: 1, TRST: 1
Hardware-Breakpoints: 6
Software-Breakpoints: 8192
Watchpoints:          4
JTAG speed: 2000 kHz
 
Erase Done.
Programming Done.
Verify OK.
