Component: ARM Compiler 5.05 (build 41) Tool: armlink [4d0eb9]

==============================================================================

Section Cross References

    glcd.o(.text) refers to sdram.o(.text) for sdram_init
    glcd.o(.text) refers to system_lpc407x_8x_177x_8x.o(.data) for PeripheralClock
    glcd.o(.text) refers to aeabi_memset.o(.text) for __aeabi_memset
    glcd.o(.text) refers to font8x16.o(.constdata) for font8x16
    glcd.o(.text) refers to font16x32.o(.constdata) for font16x32
    main.o(.text) refers to ff.o(.text) for f_open
    main.o(.text) refers to glcd.o(.text) for glcd_setpixel
    main.o(.text) refers to sonido.o(.text) for sonido_reproducir
    main.o(.text) refers to rtc_lpc4088.o(.text) for rtc_inicializar
    main.o(.text) refers to nunchuk.o(.text) for nunchuk_init
    main.o(.text) refers to timer1_lpc4088.o(.text) for timer1_retardo_ms
    main.o(.text) refers to main.o(.bss) for bmpfh
    main.o(.text) refers to main.o(.data) for bateria
    main.o(.text) refers to main.o(.ARM.__AT_0xA0200000) for drum_muestras
    main.o(.text) refers to main.o(.ARM.__AT_0xA0211940) for maraca_muestras
    main.o(.text) refers to main.o(.ARM.__AT_0xA02339D0) for taiko_muestras
    nunchuk.o(.text) refers to i2c0_lpc4088.o(.text) for i2c0_inicializar
    sdram.o(.text) refers to sdram.o(.data) for ringosccount
    timer0_lpc4088.o(.text) refers to system_lpc407x_8x_177x_8x.o(.data) for PeripheralClock
    diskio.o(.text) refers to sd_lpc4088_mci.o(.text) for sd_init
    ff.o(.text) refers to diskio.o(.text) for disk_write
    ff.o(.text) refers to soporte_nombres_largos.o(.text) for ff_wtoupper
    ff.o(.text) refers to ff.o(.constdata) for LfnOfs
    ff.o(.text) refers to ff.o(.data) for FatFs
    ff.o(.text) refers to ff.o(.bss) for LfnBuf
    ff.o(.text) refers to sd_lpc4088_mci.o(.text) for get_fattime
    sd_lpc4088_mci.o(.text) refers to sd_lpc4088_mci.o(.data) for sdhc_flag
    sd_lpc4088_mci.o(.text) refers to rtc_lpc4088.o(.text) for rtc_leer_hora
    soporte_nombres_largos.o(.text) refers to soporte_nombres_largos.o(.constdata) for Tbl
    sonido.o(.text) refers to dac_lpc4088.o(.text) for dac_inicializar
    sonido.o(.text) refers to sonido.o(.data) for ptr_muestras
    sonido.o(.text) refers to system_lpc407x_8x_177x_8x.o(.data) for PeripheralClock
    timer1_lpc4088.o(.text) refers to system_lpc407x_8x_177x_8x.o(.data) for PeripheralClock
    startup_lpc407x_8x_177x_8x.o(STACK) refers (Special) to heapauxi.o(.text) for __use_two_region_memory
    startup_lpc407x_8x_177x_8x.o(HEAP) refers (Special) to heapauxi.o(.text) for __use_two_region_memory
    startup_lpc407x_8x_177x_8x.o(RESET) refers (Special) to heapauxi.o(.text) for __use_two_region_memory
    startup_lpc407x_8x_177x_8x.o(RESET) refers to startup_lpc407x_8x_177x_8x.o(STACK) for __initial_sp
    startup_lpc407x_8x_177x_8x.o(RESET) refers to startup_lpc407x_8x_177x_8x.o(.text) for Reset_Handler
    startup_lpc407x_8x_177x_8x.o(RESET) refers to sonido.o(.text) for TIMER0_IRQHandler
    startup_lpc407x_8x_177x_8x.o(.ARM.__at_0x02FC) refers (Special) to heapauxi.o(.text) for __use_two_region_memory
    startup_lpc407x_8x_177x_8x.o(.text) refers (Special) to heapauxi.o(.text) for __use_two_region_memory
    startup_lpc407x_8x_177x_8x.o(.text) refers to system_lpc407x_8x_177x_8x.o(.text) for SystemInit
    startup_lpc407x_8x_177x_8x.o(.text) refers to __main.o(!!!main) for __main
    startup_lpc407x_8x_177x_8x.o(.text) refers to startup_lpc407x_8x_177x_8x.o(HEAP) for Heap_Mem
    startup_lpc407x_8x_177x_8x.o(.text) refers to startup_lpc407x_8x_177x_8x.o(STACK) for Stack_Mem
    system_lpc407x_8x_177x_8x.o(.text) refers to system_lpc407x_8x_177x_8x.o(.data) for SystemCoreClock
    aeabi_memset.o(.text) refers to rt_memclr.o(.text) for _memset
    __main.o(!!!main) refers to __rtentry.o(.ARM.Collect$$rtentry$$00000000) for __rt_entry
    __rtentry.o(.ARM.Collect$$rtentry$$00000000) refers (Special) to __rtentry2.o(.ARM.Collect$$rtentry$$0000000A) for __rt_entry_li
    __rtentry.o(.ARM.Collect$$rtentry$$00000000) refers (Special) to __rtentry2.o(.ARM.Collect$$rtentry$$0000000D) for __rt_entry_main
    __rtentry.o(.ARM.Collect$$rtentry$$00000000) refers (Special) to __rtentry2.o(.ARM.Collect$$rtentry$$0000000C) for __rt_entry_postli_1
    __rtentry.o(.ARM.Collect$$rtentry$$00000000) refers (Special) to __rtentry2.o(.ARM.Collect$$rtentry$$00000009) for __rt_entry_postsh_1
    __rtentry.o(.ARM.Collect$$rtentry$$00000000) refers (Special) to __rtentry2.o(.ARM.Collect$$rtentry$$00000002) for __rt_entry_presh_1
    __rtentry.o(.ARM.Collect$$rtentry$$00000000) refers (Special) to __rtentry4.o(.ARM.Collect$$rtentry$$00000004) for __rt_entry_sh
    rt_memclr.o(.text) refers to rt_memclr_w.o(.text) for _memset_w
    __rtentry2.o(.ARM.Collect$$rtentry$$00000008) refers to boardinit2.o(.text) for _platform_post_stackheap_init
    __rtentry2.o(.ARM.Collect$$rtentry$$0000000A) refers to libinit.o(.ARM.Collect$$libinit$$00000000) for __rt_lib_init
    __rtentry2.o(.ARM.Collect$$rtentry$$0000000B) refers to boardinit3.o(.text) for _platform_post_lib_init
    __rtentry2.o(.ARM.Collect$$rtentry$$0000000D) refers to main.o(.text) for main
    __rtentry2.o(.ARM.Collect$$rtentry$$0000000D) refers to exit.o(.text) for exit
    __rtentry2.o(.ARM.exidx) refers to __rtentry2.o(.ARM.Collect$$rtentry$$00000001) for .ARM.Collect$$rtentry$$00000001
    __rtentry2.o(.ARM.exidx) refers to __rtentry2.o(.ARM.Collect$$rtentry$$00000008) for .ARM.Collect$$rtentry$$00000008
    __rtentry2.o(.ARM.exidx) refers to __rtentry2.o(.ARM.Collect$$rtentry$$0000000A) for .ARM.Collect$$rtentry$$0000000A
    __rtentry2.o(.ARM.exidx) refers to __rtentry2.o(.ARM.Collect$$rtentry$$0000000B) for .ARM.Collect$$rtentry$$0000000B
    __rtentry2.o(.ARM.exidx) refers to __rtentry2.o(.ARM.Collect$$rtentry$$0000000D) for .ARM.Collect$$rtentry$$0000000D
    __rtentry4.o(.ARM.Collect$$rtentry$$00000004) refers to sys_stackheap_outer.o(.text) for __user_setup_stackheap
    __rtentry4.o(.ARM.exidx) refers to __rtentry4.o(.ARM.Collect$$rtentry$$00000004) for .ARM.Collect$$rtentry$$00000004
    sys_stackheap_outer.o(.text) refers to libspace.o(.text) for __user_perproc_libspace
    sys_stackheap_outer.o(.text) refers to startup_lpc407x_8x_177x_8x.o(.text) for __user_initial_stackheap
    exit.o(.text) refers to rtexit.o(.ARM.Collect$$rtexit$$00000000) for __rt_exit
    libinit.o(.ARM.Collect$$libinit$$00000000) refers (Special) to libinit2.o(.ARM.Collect$$libinit$$0000002E) for __rt_lib_init_alloca_1
    libinit.o(.ARM.Collect$$libinit$$00000000) refers (Special) to libinit2.o(.ARM.Collect$$libinit$$0000002C) for __rt_lib_init_argv_1
    libinit.o(.ARM.Collect$$libinit$$00000000) refers (Special) to libinit2.o(.ARM.Collect$$libinit$$0000001B) for __rt_lib_init_atexit_1
    libinit.o(.ARM.Collect$$libinit$$00000000) refers (Special) to libinit2.o(.ARM.Collect$$libinit$$00000021) for __rt_lib_init_clock_1
    libinit.o(.ARM.Collect$$libinit$$00000000) refers (Special) to libinit2.o(.ARM.Collect$$libinit$$00000032) for __rt_lib_init_cpp_1
    libinit.o(.ARM.Collect$$libinit$$00000000) refers (Special) to libinit2.o(.ARM.Collect$$libinit$$00000030) for __rt_lib_init_exceptions_1
    libinit.o(.ARM.Collect$$libinit$$00000000) refers (Special) to libinit2.o(.ARM.Collect$$libinit$$00000001) for __rt_lib_init_fp_1
    libinit.o(.ARM.Collect$$libinit$$00000000) refers (Special) to libinit2.o(.ARM.Collect$$libinit$$0000001F) for __rt_lib_init_fp_trap_1
    libinit.o(.ARM.Collect$$libinit$$00000000) refers (Special) to libinit2.o(.ARM.Collect$$libinit$$00000023) for __rt_lib_init_getenv_1
    libinit.o(.ARM.Collect$$libinit$$00000000) refers (Special) to libinit2.o(.ARM.Collect$$libinit$$0000000A) for __rt_lib_init_heap_1
    libinit.o(.ARM.Collect$$libinit$$00000000) refers (Special) to libinit2.o(.ARM.Collect$$libinit$$00000011) for __rt_lib_init_lc_collate_1
    libinit.o(.ARM.Collect$$libinit$$00000000) refers (Special) to libinit2.o(.ARM.Collect$$libinit$$00000013) for __rt_lib_init_lc_ctype_1
    libinit.o(.ARM.Collect$$libinit$$00000000) refers (Special) to libinit2.o(.ARM.Collect$$libinit$$00000015) for __rt_lib_init_lc_monetary_1
    libinit.o(.ARM.Collect$$libinit$$00000000) refers (Special) to libinit2.o(.ARM.Collect$$libinit$$00000017) for __rt_lib_init_lc_numeric_1
    libinit.o(.ARM.Collect$$libinit$$00000000) refers (Special) to libinit2.o(.ARM.Collect$$libinit$$00000019) for __rt_lib_init_lc_time_1
    libinit.o(.ARM.Collect$$libinit$$00000000) refers (Special) to libinit2.o(.ARM.Collect$$libinit$$00000004) for __rt_lib_init_preinit_1
    libinit.o(.ARM.Collect$$libinit$$00000000) refers (Special) to libinit2.o(.ARM.Collect$$libinit$$0000000E) for __rt_lib_init_rand_1
    libinit.o(.ARM.Collect$$libinit$$00000000) refers (Special) to libinit2.o(.ARM.Collect$$libinit$$00000033) for __rt_lib_init_return
    libinit.o(.ARM.Collect$$libinit$$00000000) refers (Special) to libinit2.o(.ARM.Collect$$libinit$$0000001D) for __rt_lib_init_signal_1
    libinit.o(.ARM.Collect$$libinit$$00000000) refers (Special) to libinit2.o(.ARM.Collect$$libinit$$00000025) for __rt_lib_init_stdio_1
    libinit.o(.ARM.Collect$$libinit$$00000000) refers (Special) to libinit2.o(.ARM.Collect$$libinit$$0000000C) for __rt_lib_init_user_alloc_1
    libspace.o(.text) refers to libspace.o(.bss) for __libspace_start
    rtexit.o(.ARM.Collect$$rtexit$$00000000) refers (Special) to rtexit2.o(.ARM.Collect$$rtexit$$00000004) for __rt_exit_exit
    rtexit.o(.ARM.Collect$$rtexit$$00000000) refers (Special) to rtexit2.o(.ARM.Collect$$rtexit$$00000003) for __rt_exit_ls
    rtexit.o(.ARM.Collect$$rtexit$$00000000) refers (Special) to rtexit2.o(.ARM.Collect$$rtexit$$00000002) for __rt_exit_prels_1
    rtexit.o(.ARM.exidx) refers (Special) to rtexit2.o(.ARM.Collect$$rtexit$$00000004) for __rt_exit_exit
    rtexit.o(.ARM.exidx) refers (Special) to rtexit2.o(.ARM.Collect$$rtexit$$00000003) for __rt_exit_ls
    rtexit.o(.ARM.exidx) refers (Special) to rtexit2.o(.ARM.Collect$$rtexit$$00000002) for __rt_exit_prels_1
    rtexit.o(.ARM.exidx) refers to rtexit.o(.ARM.Collect$$rtexit$$00000000) for .ARM.Collect$$rtexit$$00000000
    libinit2.o(.ARM.Collect$$libinit$$00000001) refers to fpinit.o(x$fpl$fpinit) for _fp_init
    libinit2.o(.ARM.Collect$$libinit$$00000010) refers to libinit2.o(.ARM.Collect$$libinit$$0000000F) for .ARM.Collect$$libinit$$0000000F
    libinit2.o(.ARM.Collect$$libinit$$00000012) refers to libinit2.o(.ARM.Collect$$libinit$$0000000F) for .ARM.Collect$$libinit$$0000000F
    libinit2.o(.ARM.Collect$$libinit$$00000014) refers to libinit2.o(.ARM.Collect$$libinit$$0000000F) for .ARM.Collect$$libinit$$0000000F
    libinit2.o(.ARM.Collect$$libinit$$00000016) refers to libinit2.o(.ARM.Collect$$libinit$$0000000F) for .ARM.Collect$$libinit$$0000000F
    libinit2.o(.ARM.Collect$$libinit$$00000018) refers to libinit2.o(.ARM.Collect$$libinit$$0000000F) for .ARM.Collect$$libinit$$0000000F
    libinit2.o(.ARM.Collect$$libinit$$00000026) refers to argv_veneer.o(.emb_text) for __ARM_argv_veneer
    libinit2.o(.ARM.Collect$$libinit$$00000027) refers to argv_veneer.o(.emb_text) for __ARM_argv_veneer
    rtexit2.o(.ARM.Collect$$rtexit$$00000003) refers to libshutdown.o(.ARM.Collect$$libshutdown$$00000000) for __rt_lib_shutdown
    rtexit2.o(.ARM.Collect$$rtexit$$00000004) refers to sys_exit.o(.text) for _sys_exit
    rtexit2.o(.ARM.exidx) refers to rtexit2.o(.ARM.Collect$$rtexit$$00000001) for .ARM.Collect$$rtexit$$00000001
    rtexit2.o(.ARM.exidx) refers to rtexit2.o(.ARM.Collect$$rtexit$$00000003) for .ARM.Collect$$rtexit$$00000003
    rtexit2.o(.ARM.exidx) refers to rtexit2.o(.ARM.Collect$$rtexit$$00000004) for .ARM.Collect$$rtexit$$00000004
    argv_veneer.o(.emb_text) refers to no_argv.o(.text) for __ARM_get_argv
    sys_exit.o(.text) refers (Special) to use_no_semi.o(.text) for __I$use$semihosting
    sys_exit.o(.text) refers (Special) to indicate_semi.o(.text) for __semihosting_library_function
    _get_argv_nomalloc.o(.text) refers (Special) to hrguard.o(.text) for __heap_region$guard
    _get_argv_nomalloc.o(.text) refers to defsig_rtmem_outer.o(.text) for __rt_SIGRTMEM
    _get_argv_nomalloc.o(.text) refers to sys_command.o(.text) for _sys_command_string
    libshutdown.o(.ARM.Collect$$libshutdown$$00000000) refers (Special) to libshutdown2.o(.ARM.Collect$$libshutdown$$00000006) for __rt_lib_shutdown_fp_trap_1
    libshutdown.o(.ARM.Collect$$libshutdown$$00000000) refers (Special) to libshutdown2.o(.ARM.Collect$$libshutdown$$0000000E) for __rt_lib_shutdown_heap_1
    libshutdown.o(.ARM.Collect$$libshutdown$$00000000) refers (Special) to libshutdown2.o(.ARM.Collect$$libshutdown$$0000000F) for __rt_lib_shutdown_return
    libshutdown.o(.ARM.Collect$$libshutdown$$00000000) refers (Special) to libshutdown2.o(.ARM.Collect$$libshutdown$$00000009) for __rt_lib_shutdown_signal_1
    libshutdown.o(.ARM.Collect$$libshutdown$$00000000) refers (Special) to libshutdown2.o(.ARM.Collect$$libshutdown$$00000003) for __rt_lib_shutdown_stdio_1
    libshutdown.o(.ARM.Collect$$libshutdown$$00000000) refers (Special) to libshutdown2.o(.ARM.Collect$$libshutdown$$0000000B) for __rt_lib_shutdown_user_alloc_1
    sys_command.o(.text) refers (Special) to use_no_semi.o(.text) for __I$use$semihosting
    sys_command.o(.text) refers (Special) to indicate_semi.o(.text) for __semihosting_library_function
    defsig_rtmem_outer.o(.text) refers to defsig_rtmem_inner.o(.text) for __rt_SIGRTMEM_inner
    defsig_rtmem_outer.o(.text) refers to defsig_exit.o(.text) for __sig_exit
    defsig_rtmem_formal.o(.text) refers to rt_raise.o(.text) for __rt_raise
    rt_raise.o(.text) refers to __raise.o(.text) for __raise
    rt_raise.o(.text) refers to sys_exit.o(.text) for _sys_exit
    defsig_exit.o(.text) refers to sys_exit.o(.text) for _sys_exit
    defsig_rtmem_inner.o(.text) refers to defsig_general.o(.text) for __default_signal_display
    __raise.o(.text) refers to defsig.o(CL$$defsig) for __default_signal_handler
    defsig_general.o(.text) refers to sys_wrch.o(.text) for _ttywrch
    sys_wrch.o(.text) refers (Special) to use_no_semi.o(.text) for __I$use$semihosting
    sys_wrch.o(.text) refers (Special) to indicate_semi.o(.text) for __semihosting_library_function
    defsig.o(CL$$defsig) refers to defsig_rtmem_inner.o(.text) for __rt_SIGRTMEM_inner
    defsig_abrt_inner.o(.text) refers to defsig_general.o(.text) for __default_signal_display
    defsig_fpe_inner.o(.text) refers to defsig_general.o(.text) for __default_signal_display
    defsig_rtred_inner.o(.text) refers to defsig_general.o(.text) for __default_signal_display
    defsig_stak_inner.o(.text) refers to defsig_general.o(.text) for __default_signal_display
    defsig_pvfn_inner.o(.text) refers to defsig_general.o(.text) for __default_signal_display
    defsig_cppl_inner.o(.text) refers to defsig_general.o(.text) for __default_signal_display
    defsig_segv_inner.o(.text) refers to defsig_general.o(.text) for __default_signal_display
    defsig_other.o(.text) refers to defsig_general.o(.text) for __default_signal_display


==============================================================================

Removing Unused input sections from the image.

    Removing glcd.o(.rev16_text), (4 bytes).
    Removing glcd.o(.revsh_text), (4 bytes).
    Removing glcd.o(.rrx_text), (6 bytes).
    Removing i2c0_lpc4088.o(.rev16_text), (4 bytes).
    Removing i2c0_lpc4088.o(.revsh_text), (4 bytes).
    Removing i2c0_lpc4088.o(.rrx_text), (6 bytes).
    Removing main.o(.rev16_text), (4 bytes).
    Removing main.o(.revsh_text), (4 bytes).
    Removing main.o(.rrx_text), (6 bytes).
    Removing sdram.o(.rev16_text), (4 bytes).
    Removing sdram.o(.revsh_text), (4 bytes).
    Removing sdram.o(.rrx_text), (6 bytes).
    Removing timer0_lpc4088.o(.rev16_text), (4 bytes).
    Removing timer0_lpc4088.o(.revsh_text), (4 bytes).
    Removing timer0_lpc4088.o(.rrx_text), (6 bytes).
    Removing timer0_lpc4088.o(.text), (172 bytes).
    Removing rtc_lpc4088.o(.rev16_text), (4 bytes).
    Removing rtc_lpc4088.o(.revsh_text), (4 bytes).
    Removing rtc_lpc4088.o(.rrx_text), (6 bytes).
    Removing sd_lpc4088_mci.o(.rev16_text), (4 bytes).
    Removing sd_lpc4088_mci.o(.revsh_text), (4 bytes).
    Removing sd_lpc4088_mci.o(.rrx_text), (6 bytes).
    Removing dac_lpc4088.o(.rev16_text), (4 bytes).
    Removing dac_lpc4088.o(.revsh_text), (4 bytes).
    Removing dac_lpc4088.o(.rrx_text), (6 bytes).
    Removing sonido.o(.rev16_text), (4 bytes).
    Removing sonido.o(.revsh_text), (4 bytes).
    Removing sonido.o(.rrx_text), (6 bytes).
    Removing timer1_lpc4088.o(.rev16_text), (4 bytes).
    Removing timer1_lpc4088.o(.revsh_text), (4 bytes).
    Removing timer1_lpc4088.o(.rrx_text), (6 bytes).
    Removing system_lpc407x_8x_177x_8x.o(.rev16_text), (4 bytes).
    Removing system_lpc407x_8x_177x_8x.o(.revsh_text), (4 bytes).
    Removing system_lpc407x_8x_177x_8x.o(.rrx_text), (6 bytes).

34 unused section(s) (total 326 bytes) removed from the image.

==============================================================================

Image Symbol Table

    Local Symbols

    Symbol Name                              Value     Ov Type        Size  Object(Section)

    RESET                                    0x00000000   Section      228  startup_lpc407x_8x_177x_8x.o(RESET)
    ../clib/angel/boardlib.s                 0x00000000   Number         0  boardshut.o ABSOLUTE
    ../clib/angel/boardlib.s                 0x00000000   Number         0  boardinit3.o ABSOLUTE
    ../clib/angel/boardlib.s                 0x00000000   Number         0  boardinit2.o ABSOLUTE
    ../clib/angel/boardlib.s                 0x00000000   Number         0  boardinit1.o ABSOLUTE
    ../clib/angel/handlers.s                 0x00000000   Number         0  __scatter_copy.o ABSOLUTE
    ../clib/angel/handlers.s                 0x00000000   Number         0  __scatter_zi.o ABSOLUTE
    ../clib/angel/kernel.s                   0x00000000   Number         0  rtexit2.o ABSOLUTE
    ../clib/angel/kernel.s                   0x00000000   Number         0  __rtentry.o ABSOLUTE
    ../clib/angel/kernel.s                   0x00000000   Number         0  __rtentry2.o ABSOLUTE
    ../clib/angel/kernel.s                   0x00000000   Number         0  rtexit.o ABSOLUTE
    ../clib/angel/kernel.s                   0x00000000   Number         0  __rtentry4.o ABSOLUTE
    ../clib/angel/rt.s                       0x00000000   Number         0  rt_raise.o ABSOLUTE
    ../clib/angel/scatter.s                  0x00000000   Number         0  __scatter.o ABSOLUTE
    ../clib/angel/startup.s                  0x00000000   Number         0  __main.o ABSOLUTE
    ../clib/angel/sys.s                      0x00000000   Number         0  use_no_semi.o ABSOLUTE
    ../clib/angel/sys.s                      0x00000000   Number         0  libspace.o ABSOLUTE
    ../clib/angel/sys.s                      0x00000000   Number         0  indicate_semi.o ABSOLUTE
    ../clib/angel/sys.s                      0x00000000   Number         0  sys_stackheap_outer.o ABSOLUTE
    ../clib/angel/sysapp.c                   0x00000000   Number         0  sys_command.o ABSOLUTE
    ../clib/angel/sysapp.c                   0x00000000   Number         0  sys_wrch.o ABSOLUTE
    ../clib/angel/sysapp.c                   0x00000000   Number         0  sys_exit.o ABSOLUTE
    ../clib/armsys.c                         0x00000000   Number         0  no_argv.o ABSOLUTE
    ../clib/armsys.c                         0x00000000   Number         0  _get_argv_nomalloc.o ABSOLUTE
    ../clib/armsys.c                         0x00000000   Number         0  argv_veneer.o ABSOLUTE
    ../clib/armsys.c                         0x00000000   Number         0  argv_veneer.o ABSOLUTE
    ../clib/heapalloc.c                      0x00000000   Number         0  hrguard.o ABSOLUTE
    ../clib/heapaux.c                        0x00000000   Number         0  heapauxi.o ABSOLUTE
    ../clib/libinit.s                        0x00000000   Number         0  libshutdown.o ABSOLUTE
    ../clib/libinit.s                        0x00000000   Number         0  libinit2.o ABSOLUTE
    ../clib/libinit.s                        0x00000000   Number         0  libinit.o ABSOLUTE
    ../clib/libinit.s                        0x00000000   Number         0  libshutdown2.o ABSOLUTE
    ../clib/memcpset.s                       0x00000000   Number         0  rt_memclr.o ABSOLUTE
    ../clib/memcpset.s                       0x00000000   Number         0  aeabi_memset.o ABSOLUTE
    ../clib/memcpset.s                       0x00000000   Number         0  rt_memclr_w.o ABSOLUTE
    ../clib/signal.c                         0x00000000   Number         0  defsig_abrt_inner.o ABSOLUTE
    ../clib/signal.c                         0x00000000   Number         0  defsig_rtred_inner.o ABSOLUTE
    ../clib/signal.c                         0x00000000   Number         0  defsig_fpe_inner.o ABSOLUTE
    ../clib/signal.c                         0x00000000   Number         0  defsig_general.o ABSOLUTE
    ../clib/signal.c                         0x00000000   Number         0  defsig_rtmem_inner.o ABSOLUTE
    ../clib/signal.c                         0x00000000   Number         0  defsig_exit.o ABSOLUTE
    ../clib/signal.c                         0x00000000   Number         0  __raise.o ABSOLUTE
    ../clib/signal.c                         0x00000000   Number         0  defsig_pvfn_inner.o ABSOLUTE
    ../clib/signal.c                         0x00000000   Number         0  defsig_rtmem_formal.o ABSOLUTE
    ../clib/signal.c                         0x00000000   Number         0  defsig_rtmem_outer.o ABSOLUTE
    ../clib/signal.c                         0x00000000   Number         0  defsig_stak_inner.o ABSOLUTE
    ../clib/signal.c                         0x00000000   Number         0  defsig_cppl_inner.o ABSOLUTE
    ../clib/signal.c                         0x00000000   Number         0  defsig_segv_inner.o ABSOLUTE
    ../clib/signal.c                         0x00000000   Number         0  defsig_other.o ABSOLUTE
    ../clib/signal.s                         0x00000000   Number         0  defsig.o ABSOLUTE
    ../clib/stdlib.c                         0x00000000   Number         0  exit.o ABSOLUTE
    ../fplib/fpinit.s                        0x00000000   Number         0  fpinit.o ABSOLUTE
    FatFs\src\diskio.c                       0x00000000   Number         0  diskio.o ABSOLUTE
    FatFs\src\ff.c                           0x00000000   Number         0  ff.o ABSOLUTE
    RTE\Device\LPC4088FET208\startup_LPC407x_8x_177x_8x.s 0x00000000   Number         0  startup_lpc407x_8x_177x_8x.o ABSOLUTE
    RTE\Device\LPC4088FET208\system_LPC407x_8x_177x_8x.c 0x00000000   Number         0  system_lpc407x_8x_177x_8x.o ABSOLUTE
    RTE\\Device\\LPC4088FET208\\system_LPC407x_8x_177x_8x.c 0x00000000   Number         0  system_lpc407x_8x_177x_8x.o ABSOLUTE
    dac_lpc4088.c                            0x00000000   Number         0  dac_lpc4088.o ABSOLUTE
    dac_lpc4088.c                            0x00000000   Number         0  dac_lpc4088.o ABSOLUTE
    dc.s                                     0x00000000   Number         0  dc.o ABSOLUTE
    font16x32.c                              0x00000000   Number         0  font16x32.o ABSOLUTE
    font8x16.c                               0x00000000   Number         0  font8x16.o ABSOLUTE
    glcd.c                                   0x00000000   Number         0  glcd.o ABSOLUTE
    glcd.c                                   0x00000000   Number         0  glcd.o ABSOLUTE
    i2c0_lpc4088.c                           0x00000000   Number         0  i2c0_lpc4088.o ABSOLUTE
    i2c0_lpc4088.c                           0x00000000   Number         0  i2c0_lpc4088.o ABSOLUTE
    main.c                                   0x00000000   Number         0  main.o ABSOLUTE
    main.c                                   0x00000000   Number         0  main.o ABSOLUTE
    nunchuk.c                                0x00000000   Number         0  nunchuk.o ABSOLUTE
    rtc_lpc4088.c                            0x00000000   Number         0  rtc_lpc4088.o ABSOLUTE
    rtc_lpc4088.c                            0x00000000   Number         0  rtc_lpc4088.o ABSOLUTE
    sd_lpc4088_mci.c                         0x00000000   Number         0  sd_lpc4088_mci.o ABSOLUTE
    sd_lpc4088_mci.c                         0x00000000   Number         0  sd_lpc4088_mci.o ABSOLUTE
    sdram.c                                  0x00000000   Number         0  sdram.o ABSOLUTE
    sdram.c                                  0x00000000   Number         0  sdram.o ABSOLUTE
    sonido.c                                 0x00000000   Number         0  sonido.o ABSOLUTE
    sonido.c                                 0x00000000   Number         0  sonido.o ABSOLUTE
    soporte_nombres_largos.c                 0x00000000   Number         0  soporte_nombres_largos.o ABSOLUTE
    timer0_lpc4088.c                         0x00000000   Number         0  timer0_lpc4088.o ABSOLUTE
    timer0_lpc4088.c                         0x00000000   Number         0  timer0_lpc4088.o ABSOLUTE
    timer1_lpc4088.c                         0x00000000   Number         0  timer1_lpc4088.o ABSOLUTE
    timer1_lpc4088.c                         0x00000000   Number         0  timer1_lpc4088.o ABSOLUTE
    !!!main                                  0x000000e4   Section        8  __main.o(!!!main)
    !!!scatter                               0x000000ec   Section       52  __scatter.o(!!!scatter)
    !!handler_copy                           0x00000120   Section       26  __scatter_copy.o(!!handler_copy)
    !!handler_zi                             0x0000013c   Section       28  __scatter_zi.o(!!handler_zi)
    .ARM.Collect$$libinit$$00000000          0x00000158   Section        2  libinit.o(.ARM.Collect$$libinit$$00000000)
    .ARM.Collect$$libinit$$00000001          0x0000015a   Section        4  libinit2.o(.ARM.Collect$$libinit$$00000001)
    .ARM.Collect$$libinit$$00000004          0x0000015e   Section        0  libinit2.o(.ARM.Collect$$libinit$$00000004)
    .ARM.Collect$$libinit$$0000000A          0x0000015e   Section        0  libinit2.o(.ARM.Collect$$libinit$$0000000A)
    .ARM.Collect$$libinit$$0000000C          0x0000015e   Section        0  libinit2.o(.ARM.Collect$$libinit$$0000000C)
    .ARM.Collect$$libinit$$0000000E          0x0000015e   Section        0  libinit2.o(.ARM.Collect$$libinit$$0000000E)
    .ARM.Collect$$libinit$$00000011          0x0000015e   Section        0  libinit2.o(.ARM.Collect$$libinit$$00000011)
    .ARM.Collect$$libinit$$00000013          0x0000015e   Section        0  libinit2.o(.ARM.Collect$$libinit$$00000013)
    .ARM.Collect$$libinit$$00000015          0x0000015e   Section        0  libinit2.o(.ARM.Collect$$libinit$$00000015)
    .ARM.Collect$$libinit$$00000017          0x0000015e   Section        0  libinit2.o(.ARM.Collect$$libinit$$00000017)
    .ARM.Collect$$libinit$$00000019          0x0000015e   Section        0  libinit2.o(.ARM.Collect$$libinit$$00000019)
    .ARM.Collect$$libinit$$0000001B          0x0000015e   Section        0  libinit2.o(.ARM.Collect$$libinit$$0000001B)
    .ARM.Collect$$libinit$$0000001D          0x0000015e   Section        0  libinit2.o(.ARM.Collect$$libinit$$0000001D)
    .ARM.Collect$$libinit$$0000001F          0x0000015e   Section        0  libinit2.o(.ARM.Collect$$libinit$$0000001F)
    .ARM.Collect$$libinit$$00000021          0x0000015e   Section        0  libinit2.o(.ARM.Collect$$libinit$$00000021)
    .ARM.Collect$$libinit$$00000023          0x0000015e   Section        0  libinit2.o(.ARM.Collect$$libinit$$00000023)
    .ARM.Collect$$libinit$$00000025          0x0000015e   Section        0  libinit2.o(.ARM.Collect$$libinit$$00000025)
    .ARM.Collect$$libinit$$0000002C          0x0000015e   Section        0  libinit2.o(.ARM.Collect$$libinit$$0000002C)
    .ARM.Collect$$libinit$$0000002E          0x0000015e   Section        0  libinit2.o(.ARM.Collect$$libinit$$0000002E)
    .ARM.Collect$$libinit$$00000030          0x0000015e   Section        0  libinit2.o(.ARM.Collect$$libinit$$00000030)
    .ARM.Collect$$libinit$$00000032          0x0000015e   Section        0  libinit2.o(.ARM.Collect$$libinit$$00000032)
    .ARM.Collect$$libinit$$00000033          0x0000015e   Section        2  libinit2.o(.ARM.Collect$$libinit$$00000033)
    .ARM.Collect$$libshutdown$$00000000      0x00000160   Section        2  libshutdown.o(.ARM.Collect$$libshutdown$$00000000)
    .ARM.Collect$$libshutdown$$00000003      0x00000162   Section        0  libshutdown2.o(.ARM.Collect$$libshutdown$$00000003)
    .ARM.Collect$$libshutdown$$00000006      0x00000162   Section        0  libshutdown2.o(.ARM.Collect$$libshutdown$$00000006)
    .ARM.Collect$$libshutdown$$00000009      0x00000162   Section        0  libshutdown2.o(.ARM.Collect$$libshutdown$$00000009)
    .ARM.Collect$$libshutdown$$0000000B      0x00000162   Section        0  libshutdown2.o(.ARM.Collect$$libshutdown$$0000000B)
    .ARM.Collect$$libshutdown$$0000000E      0x00000162   Section        0  libshutdown2.o(.ARM.Collect$$libshutdown$$0000000E)
    .ARM.Collect$$libshutdown$$0000000F      0x00000162   Section        2  libshutdown2.o(.ARM.Collect$$libshutdown$$0000000F)
    .ARM.Collect$$rtentry$$00000000          0x00000164   Section        0  __rtentry.o(.ARM.Collect$$rtentry$$00000000)
    .ARM.Collect$$rtentry$$00000002          0x00000164   Section        0  __rtentry2.o(.ARM.Collect$$rtentry$$00000002)
    .ARM.Collect$$rtentry$$00000004          0x00000164   Section        6  __rtentry4.o(.ARM.Collect$$rtentry$$00000004)
    .ARM.Collect$$rtentry$$00000009          0x0000016a   Section        0  __rtentry2.o(.ARM.Collect$$rtentry$$00000009)
    .ARM.Collect$$rtentry$$0000000A          0x0000016a   Section        4  __rtentry2.o(.ARM.Collect$$rtentry$$0000000A)
    .ARM.Collect$$rtentry$$0000000C          0x0000016e   Section        0  __rtentry2.o(.ARM.Collect$$rtentry$$0000000C)
    .ARM.Collect$$rtentry$$0000000D          0x0000016e   Section        8  __rtentry2.o(.ARM.Collect$$rtentry$$0000000D)
    .ARM.Collect$$rtexit$$00000000           0x00000176   Section        2  rtexit.o(.ARM.Collect$$rtexit$$00000000)
    .ARM.Collect$$rtexit$$00000002           0x00000178   Section        0  rtexit2.o(.ARM.Collect$$rtexit$$00000002)
    .ARM.Collect$$rtexit$$00000003           0x00000178   Section        4  rtexit2.o(.ARM.Collect$$rtexit$$00000003)
    .ARM.Collect$$rtexit$$00000004           0x0000017c   Section        6  rtexit2.o(.ARM.Collect$$rtexit$$00000004)
    .text                                    0x00000184   Section        0  i2c0_lpc4088.o(.text)
    .text                                    0x0000024c   Section        0  nunchuk.o(.text)
    .text                                    0x000002c8   Section        0  dac_lpc4088.o(.text)
    .text                                    0x000002f8   Section        2  use_no_semi.o(.text)
    .text                                    0x000002fa   Section        0  indicate_semi.o(.text)
    .ARM.__at_0x02FC                         0x000002fc   Section        4  startup_lpc407x_8x_177x_8x.o(.ARM.__at_0x02FC)
    .text                                    0x00000300   Section        0  glcd.o(.text)
    glcd_timer0_retardo_ms                   0x00000301   Thumb Code    82  glcd.o(.text)
    glcd_i2c0_inicializar                    0x00000353   Thumb Code    56  glcd.o(.text)
    glcd_i2c0_start                          0x0000038b   Thumb Code    48  glcd.o(.text)
    glcd_i2c0_stop                           0x000003bb   Thumb Code    26  glcd.o(.text)
    glcd_i2c0_transmitir_byte                0x000003d5   Thumb Code    32  glcd.o(.text)
    glcd_i2c0_transmitir_buffer              0x000003f5   Thumb Code    50  glcd.o(.text)
    .text                                    0x00000b9c   Section        0  main.o(.text)
    .text                                    0x00000fec   Section        0  sdram.o(.text)
    pinConfig                                0x00000fed   Thumb Code  1034  sdram.o(.text)
    sdram_test                               0x000013f7   Thumb Code    92  sdram.o(.text)
    find_cmddly                              0x00001453   Thumb Code   124  sdram.o(.text)
    find_fbclkdly                            0x000014cf   Thumb Code   124  sdram.o(.text)
    calibration                              0x0000154b   Thumb Code    68  sdram.o(.text)
    TIM_Waitms                               0x000015db   Thumb Code    60  sdram.o(.text)
    .text                                    0x000016f8   Section        0  diskio.o(.text)
    .text                                    0x00001778   Section        0  ff.o(.text)
    mem_cpy                                  0x00001779   Thumb Code    26  ff.o(.text)
    mem_set                                  0x00001793   Thumb Code    20  ff.o(.text)
    mem_cmp                                  0x000017a7   Thumb Code    38  ff.o(.text)
    chk_chr                                  0x000017cd   Thumb Code    20  ff.o(.text)
    sync_window                              0x000017e1   Thumb Code    82  ff.o(.text)
    move_window                              0x00001833   Thumb Code    50  ff.o(.text)
    sync_fs                                  0x00001865   Thumb Code   200  ff.o(.text)
    remove_chain                             0x00001b61   Thumb Code   104  ff.o(.text)
    create_chain                             0x00001bc9   Thumb Code   202  ff.o(.text)
    dir_sdi                                  0x00001c93   Thumb Code   156  ff.o(.text)
    dir_next                                 0x00001d2f   Thumb Code   276  ff.o(.text)
    dir_alloc                                0x00001e43   Thumb Code    86  ff.o(.text)
    ld_clust                                 0x00001e99   Thumb Code    32  ff.o(.text)
    st_clust                                 0x00001eb9   Thumb Code    16  ff.o(.text)
    cmp_lfn                                  0x00001ec9   Thumb Code   138  ff.o(.text)
    pick_lfn                                 0x00001f53   Thumb Code   112  ff.o(.text)
    fit_lfn                                  0x00001fc3   Thumb Code   122  ff.o(.text)
    sum_sfn                                  0x000020e5   Thumb Code    32  ff.o(.text)
    dir_find                                 0x00002105   Thumb Code   222  ff.o(.text)
    dir_read                                 0x000021e3   Thumb Code   196  ff.o(.text)
    dir_register                             0x000022a7   Thumb Code   316  ff.o(.text)
    dir_remove                               0x000023e3   Thumb Code    96  ff.o(.text)
    create_name                              0x00002443   Thumb Code   534  ff.o(.text)
    get_fileinfo                             0x00002659   Thumb Code   296  ff.o(.text)
    follow_path                              0x00002781   Thumb Code   146  ff.o(.text)
    check_fs                                 0x00002813   Thumb Code   166  ff.o(.text)
    chk_mounted                              0x000028b9   Thumb Code   908  ff.o(.text)
    validate                                 0x00002c45   Thumb Code    54  ff.o(.text)
    .text                                    0x00003e44   Section        0  rtc_lpc4088.o(.text)
    .text                                    0x00003edc   Section        0  sd_lpc4088_mci.o(.text)
    .text                                    0x0000444c   Section        0  soporte_nombres_largos.o(.text)
    .text                                    0x000044cc   Section        0  sonido.o(.text)
    .text                                    0x000045d4   Section        0  timer1_lpc4088.o(.text)
    .text                                    0x00004678   Section       60  startup_lpc407x_8x_177x_8x.o(.text)
    $v0                                      0x00004678   Number         0  startup_lpc407x_8x_177x_8x.o(.text)
    .text                                    0x000046b4   Section        0  system_lpc407x_8x_177x_8x.o(.text)
    _DelayMs                                 0x000049ab   Thumb Code    38  system_lpc407x_8x_177x_8x.o(.text)
    .text                                    0x00004ce8   Section       16  aeabi_memset.o(.text)
    .text                                    0x00004cf8   Section        0  heapauxi.o(.text)
    .text                                    0x00004cfe   Section       68  rt_memclr.o(.text)
    .text                                    0x00004d42   Section       78  rt_memclr_w.o(.text)
    .text                                    0x00004d90   Section       74  sys_stackheap_outer.o(.text)
    .text                                    0x00004dda   Section        0  exit.o(.text)
    .text                                    0x00004de8   Section        8  libspace.o(.text)
    .text                                    0x00004df0   Section        0  sys_exit.o(.text)
    x$fpl$fpinit                             0x00004dfc   Section       10  fpinit.o(x$fpl$fpinit)
    $v0                                      0x00004dfc   Number         0  fpinit.o(x$fpl$fpinit)
    .constdata                               0x00004e06   Section     1520  font8x16.o(.constdata)
    .constdata                               0x000053f6   Section    12288  font16x32.o(.constdata)
    .constdata                               0x000083f6   Section      141  ff.o(.constdata)
    ExCvt                                    0x000083f6   Data         128  ff.o(.constdata)
    LfnOfs                                   0x00008476   Data          13  ff.o(.constdata)
    .constdata                               0x00008484   Section     1216  soporte_nombres_largos.o(.constdata)
    Tbl                                      0x00008484   Data         256  soporte_nombres_largos.o(.constdata)
    tbl_lower                                0x00008584   Data         480  soporte_nombres_largos.o(.constdata)
    tbl_upper                                0x00008764   Data         480  soporte_nombres_largos.o(.constdata)
    .data                                    0x10000000   Section       46  main.o(.data)
    .data                                    0x10000030   Section        8  sdram.o(.data)
    ringosccount                             0x10000030   Data           8  sdram.o(.data)
    .data                                    0x10000038   Section        6  ff.o(.data)
    FatFs                                    0x10000038   Data           4  ff.o(.data)
    Fsid                                     0x1000003c   Data           2  ff.o(.data)
    .data                                    0x10000040   Section       16  sd_lpc4088_mci.o(.data)
    Stat                                     0x10000040   Data           1  sd_lpc4088_mci.o(.data)
    sdhc_flag                                0x10000048   Data           4  sd_lpc4088_mci.o(.data)
    direcciones_de_bloque                    0x1000004c   Data           4  sd_lpc4088_mci.o(.data)
    .data                                    0x10000050   Section       12  sonido.o(.data)
    ptr_muestras                             0x10000050   Data           4  sonido.o(.data)
    contador_muestras                        0x10000054   Data           4  sonido.o(.data)
    reproduciendo                            0x10000058   Data           4  sonido.o(.data)
    .data                                    0x1000005c   Section       16  system_lpc407x_8x_177x_8x.o(.data)
    .bss                                     0x1000006c   Section      664  main.o(.bss)
    .bss                                     0x10000304   Section      512  ff.o(.bss)
    LfnBuf                                   0x10000304   Data         512  ff.o(.bss)
    .bss                                     0x10000504   Section       96  libspace.o(.bss)
    HEAP                                     0x10000568   Section        0  startup_lpc407x_8x_177x_8x.o(HEAP)
    STACK                                    0x10000568   Section     1024  startup_lpc407x_8x_177x_8x.o(STACK)
    Heap_Mem                                 0x10000568   Data           0  startup_lpc407x_8x_177x_8x.o(HEAP)
    Stack_Mem                                0x10000568   Data        1024  startup_lpc407x_8x_177x_8x.o(STACK)
    __initial_sp                             0x10000968   Data           0  startup_lpc407x_8x_177x_8x.o(STACK)
    .ARM.__AT_0xA0200000                     0xa0200000   Section    72000  main.o(.ARM.__AT_0xA0200000)
    .ARM.__AT_0xA0211940                     0xa0211940   Section    139408  main.o(.ARM.__AT_0xA0211940)
    .ARM.__AT_0xA02339D0                     0xa02339d0   Section    229952  main.o(.ARM.__AT_0xA02339D0)

    Global Symbols

    Symbol Name                              Value     Ov Type        Size  Object(Section)

    BuildAttributes$$THM_ISAv4$E$P$D$K$B$S$7EM$VFPi3$EXTD16$VFPS$VFMA$PE$A:L22UL41UL21$X:L11$S22US41US21$IEEE1$IW$USESV6$~STKCKD$USESV7$~SHL$OSPACE$ROPI$EBA8$UX$STANDARDLIB$REQ8$PRES8$EABIv2 0x00000000   Number         0  anon$$obj.o ABSOLUTE
    __ARM_use_no_argv                        0x00000000   Number         0  main.o ABSOLUTE
    __Vectors                                0x00000000   Data           4  startup_lpc407x_8x_177x_8x.o(RESET)
    __ARM_exceptions_init                     - Undefined Weak Reference
    __alloca_initialize                       - Undefined Weak Reference
    __arm_preinit_                            - Undefined Weak Reference
    __cpp_initialize__aeabi_                  - Undefined Weak Reference
    __cxa_finalize                            - Undefined Weak Reference
    __rt_locale                               - Undefined Weak Reference
    __sigvec_lookup                           - Undefined Weak Reference
    _atexit_init                              - Undefined Weak Reference
    _call_atexit_fns                          - Undefined Weak Reference
    _clock_init                               - Undefined Weak Reference
    _fp_trap_init                             - Undefined Weak Reference
    _fp_trap_shutdown                         - Undefined Weak Reference
    _get_lc_collate                           - Undefined Weak Reference
    _get_lc_ctype                             - Undefined Weak Reference
    _get_lc_monetary                          - Undefined Weak Reference
    _get_lc_numeric                           - Undefined Weak Reference
    _get_lc_time                              - Undefined Weak Reference
    _getenv_init                              - Undefined Weak Reference
    _handle_redirection                       - Undefined Weak Reference
    _init_alloc                               - Undefined Weak Reference
    _init_user_alloc                          - Undefined Weak Reference
    _initio                                   - Undefined Weak Reference
    _rand_init                                - Undefined Weak Reference
    _signal_finish                            - Undefined Weak Reference
    _signal_init                              - Undefined Weak Reference
    _terminate_alloc                          - Undefined Weak Reference
    _terminate_user_alloc                     - Undefined Weak Reference
    _terminateio                              - Undefined Weak Reference
    __main                                   0x000000e5   Thumb Code     8  __main.o(!!!main)
    __scatterload                            0x000000ed   Thumb Code     0  __scatter.o(!!!scatter)
    __scatterload_rt2                        0x000000ed   Thumb Code    44  __scatter.o(!!!scatter)
    __scatterload_rt2_thumb_only             0x000000ed   Thumb Code     0  __scatter.o(!!!scatter)
    __scatterload_null                       0x000000fb   Thumb Code     0  __scatter.o(!!!scatter)
    __scatterload_copy                       0x00000121   Thumb Code    26  __scatter_copy.o(!!handler_copy)
    __scatterload_zeroinit                   0x0000013d   Thumb Code    28  __scatter_zi.o(!!handler_zi)
    __rt_lib_init                            0x00000159   Thumb Code     0  libinit.o(.ARM.Collect$$libinit$$00000000)
    __rt_lib_init_fp_1                       0x0000015b   Thumb Code     0  libinit2.o(.ARM.Collect$$libinit$$00000001)
    __rt_lib_init_alloca_1                   0x0000015f   Thumb Code     0  libinit2.o(.ARM.Collect$$libinit$$0000002E)
    __rt_lib_init_argv_1                     0x0000015f   Thumb Code     0  libinit2.o(.ARM.Collect$$libinit$$0000002C)
    __rt_lib_init_atexit_1                   0x0000015f   Thumb Code     0  libinit2.o(.ARM.Collect$$libinit$$0000001B)
    __rt_lib_init_clock_1                    0x0000015f   Thumb Code     0  libinit2.o(.ARM.Collect$$libinit$$00000021)
    __rt_lib_init_cpp_1                      0x0000015f   Thumb Code     0  libinit2.o(.ARM.Collect$$libinit$$00000032)
    __rt_lib_init_exceptions_1               0x0000015f   Thumb Code     0  libinit2.o(.ARM.Collect$$libinit$$00000030)
    __rt_lib_init_fp_trap_1                  0x0000015f   Thumb Code     0  libinit2.o(.ARM.Collect$$libinit$$0000001F)
    __rt_lib_init_getenv_1                   0x0000015f   Thumb Code     0  libinit2.o(.ARM.Collect$$libinit$$00000023)
    __rt_lib_init_heap_1                     0x0000015f   Thumb Code     0  libinit2.o(.ARM.Collect$$libinit$$0000000A)
    __rt_lib_init_lc_collate_1               0x0000015f   Thumb Code     0  libinit2.o(.ARM.Collect$$libinit$$00000011)
    __rt_lib_init_lc_ctype_1                 0x0000015f   Thumb Code     0  libinit2.o(.ARM.Collect$$libinit$$00000013)
    __rt_lib_init_lc_monetary_1              0x0000015f   Thumb Code     0  libinit2.o(.ARM.Collect$$libinit$$00000015)
    __rt_lib_init_lc_numeric_1               0x0000015f   Thumb Code     0  libinit2.o(.ARM.Collect$$libinit$$00000017)
    __rt_lib_init_lc_time_1                  0x0000015f   Thumb Code     0  libinit2.o(.ARM.Collect$$libinit$$00000019)
    __rt_lib_init_preinit_1                  0x0000015f   Thumb Code     0  libinit2.o(.ARM.Collect$$libinit$$00000004)
    __rt_lib_init_rand_1                     0x0000015f   Thumb Code     0  libinit2.o(.ARM.Collect$$libinit$$0000000E)
    __rt_lib_init_return                     0x0000015f   Thumb Code     0  libinit2.o(.ARM.Collect$$libinit$$00000033)
    __rt_lib_init_signal_1                   0x0000015f   Thumb Code     0  libinit2.o(.ARM.Collect$$libinit$$0000001D)
    __rt_lib_init_stdio_1                    0x0000015f   Thumb Code     0  libinit2.o(.ARM.Collect$$libinit$$00000025)
    __rt_lib_init_user_alloc_1               0x0000015f   Thumb Code     0  libinit2.o(.ARM.Collect$$libinit$$0000000C)
    __rt_lib_shutdown                        0x00000161   Thumb Code     0  libshutdown.o(.ARM.Collect$$libshutdown$$00000000)
    __rt_lib_shutdown_fp_trap_1              0x00000163   Thumb Code     0  libshutdown2.o(.ARM.Collect$$libshutdown$$00000006)
    __rt_lib_shutdown_heap_1                 0x00000163   Thumb Code     0  libshutdown2.o(.ARM.Collect$$libshutdown$$0000000E)
    __rt_lib_shutdown_return                 0x00000163   Thumb Code     0  libshutdown2.o(.ARM.Collect$$libshutdown$$0000000F)
    __rt_lib_shutdown_signal_1               0x00000163   Thumb Code     0  libshutdown2.o(.ARM.Collect$$libshutdown$$00000009)
    __rt_lib_shutdown_stdio_1                0x00000163   Thumb Code     0  libshutdown2.o(.ARM.Collect$$libshutdown$$00000003)
    __rt_lib_shutdown_user_alloc_1           0x00000163   Thumb Code     0  libshutdown2.o(.ARM.Collect$$libshutdown$$0000000B)
    __rt_entry                               0x00000165   Thumb Code     0  __rtentry.o(.ARM.Collect$$rtentry$$00000000)
    __rt_entry_presh_1                       0x00000165   Thumb Code     0  __rtentry2.o(.ARM.Collect$$rtentry$$00000002)
    __rt_entry_sh                            0x00000165   Thumb Code     0  __rtentry4.o(.ARM.Collect$$rtentry$$00000004)
    __rt_entry_li                            0x0000016b   Thumb Code     0  __rtentry2.o(.ARM.Collect$$rtentry$$0000000A)
    __rt_entry_postsh_1                      0x0000016b   Thumb Code     0  __rtentry2.o(.ARM.Collect$$rtentry$$00000009)
    __rt_entry_main                          0x0000016f   Thumb Code     0  __rtentry2.o(.ARM.Collect$$rtentry$$0000000D)
    __rt_entry_postli_1                      0x0000016f   Thumb Code     0  __rtentry2.o(.ARM.Collect$$rtentry$$0000000C)
    __rt_exit                                0x00000177   Thumb Code     0  rtexit.o(.ARM.Collect$$rtexit$$00000000)
    __rt_exit_ls                             0x00000179   Thumb Code     0  rtexit2.o(.ARM.Collect$$rtexit$$00000003)
    __rt_exit_prels_1                        0x00000179   Thumb Code     0  rtexit2.o(.ARM.Collect$$rtexit$$00000002)
    __rt_exit_exit                           0x0000017d   Thumb Code     0  rtexit2.o(.ARM.Collect$$rtexit$$00000004)
    i2c0_inicializar                         0x00000185   Thumb Code    42  i2c0_lpc4088.o(.text)
    i2c0_start                               0x000001af   Thumb Code    36  i2c0_lpc4088.o(.text)
    i2c0_stop                                0x000001d3   Thumb Code    26  i2c0_lpc4088.o(.text)
    i2c0_transmitir_byte                     0x000001ed   Thumb Code    32  i2c0_lpc4088.o(.text)
    i2c0_recibir_byte                        0x0000020d   Thumb Code    50  i2c0_lpc4088.o(.text)
    nunchuk_init                             0x0000024d   Thumb Code    40  nunchuk.o(.text)
    nunchuk_send_zero                        0x00000275   Thumb Code    24  nunchuk.o(.text)
    nunchuk_decode_byte                      0x0000028d   Thumb Code    10  nunchuk.o(.text)
    receive_nunchuk                          0x00000297   Thumb Code    48  nunchuk.o(.text)
    dac_inicializar                          0x000002c9   Thumb Code     8  dac_lpc4088.o(.text)
    dac_convertir                            0x000002d1   Thumb Code    26  dac_lpc4088.o(.text)
    __I$use$semihosting                      0x000002f9   Thumb Code     0  use_no_semi.o(.text)
    __use_no_semihosting_swi                 0x000002f9   Thumb Code     2  use_no_semi.o(.text)
    __semihosting_library_function           0x000002fb   Thumb Code     0  indicate_semi.o(.text)
    glcd_init                                0x00000427   Thumb Code   922  glcd.o(.text)
    glcd_cursor_config                       0x000007c1   Thumb Code     6  glcd.o(.text)
    glcd_cursor_enable                       0x000007c7   Thumb Code    28  glcd.o(.text)
    glcd_cursor_disable                      0x000007e3   Thumb Code    18  glcd.o(.text)
    glcd_move_cursor                         0x000007f5   Thumb Code    92  glcd.o(.text)
    glcd_copy_cursor                         0x00000851   Thumb Code    30  glcd.o(.text)
    glcd_setpixel                            0x0000086f   Thumb Code    34  glcd.o(.text)
    glcd_clear                               0x00000891   Thumb Code    20  glcd.o(.text)
    glcd_char                                0x000008a5   Thumb Code   268  glcd.o(.text)
    glcd_text                                0x000009b1   Thumb Code   118  glcd.o(.text)
    glcd_line                                0x00000a27   Thumb Code   292  glcd.o(.text)
    glcd_rectangle                           0x00000b4b   Thumb Code    78  glcd.o(.text)
    next_option                              0x00000b9d   Thumb Code    18  main.o(.text)
    draw_image                               0x00000baf   Thumb Code   372  main.o(.text)
    sound_on                                 0x00000d23   Thumb Code    84  main.o(.text)
    main                                     0x00000d77   Thumb Code   484  main.o(.text)
    adjust_timing                            0x0000158f   Thumb Code    76  sdram.o(.text)
    sdram_init                               0x00001617   Thumb Code   198  sdram.o(.text)
    disk_initialize                          0x000016f9   Thumb Code    16  diskio.o(.text)
    disk_status                              0x00001709   Thumb Code    16  diskio.o(.text)
    disk_read                                0x00001719   Thumb Code    34  diskio.o(.text)
    disk_write                               0x0000173b   Thumb Code    34  diskio.o(.text)
    disk_ioctl                               0x0000175d   Thumb Code    28  diskio.o(.text)
    clust2sect                               0x0000192d   Thumb Code    26  ff.o(.text)
    get_fat                                  0x00001947   Thumb Code   228  ff.o(.text)
    put_fat                                  0x00001a2b   Thumb Code   310  ff.o(.text)
    gen_numname                              0x0000203d   Thumb Code   168  ff.o(.text)
    f_mount                                  0x00002c7b   Thumb Code    38  ff.o(.text)
    f_open                                   0x00002ca1   Thumb Code   374  ff.o(.text)
    f_read                                   0x00002e17   Thumb Code   460  ff.o(.text)
    f_write                                  0x00002fe3   Thumb Code   524  ff.o(.text)
    f_sync                                   0x000031ef   Thumb Code   176  ff.o(.text)
    f_close                                  0x0000329f   Thumb Code    22  ff.o(.text)
    f_lseek                                  0x000032b5   Thumb Code   430  ff.o(.text)
    f_opendir                                0x00003463   Thumb Code   116  ff.o(.text)
    f_readdir                                0x000034d7   Thumb Code    92  ff.o(.text)
    f_stat                                   0x00003533   Thumb Code    62  ff.o(.text)
    f_getfree                                0x00003571   Thumb Code   260  ff.o(.text)
    f_truncate                               0x00003675   Thumb Code   154  ff.o(.text)
    f_unlink                                 0x0000370f   Thumb Code   174  ff.o(.text)
    f_mkdir                                  0x000037bd   Thumb Code   360  ff.o(.text)
    f_chmod                                  0x00003925   Thumb Code    88  ff.o(.text)
    f_utime                                  0x0000397d   Thumb Code    90  ff.o(.text)
    f_rename                                 0x000039d7   Thumb Code   280  ff.o(.text)
    f_gets                                   0x00003aef   Thumb Code    78  ff.o(.text)
    f_putc                                   0x00003b3d   Thumb Code    38  ff.o(.text)
    f_puts                                   0x00003b63   Thumb Code    42  ff.o(.text)
    f_printf                                 0x00003b8d   Thumb Code   696  ff.o(.text)
    rtc_inicializar                          0x00003e45   Thumb Code     8  rtc_lpc4088.o(.text)
    rtc_leer_hora                            0x00003e4d   Thumb Code    28  rtc_lpc4088.o(.text)
    rtc_ajustar_hora                         0x00003e69   Thumb Code    42  rtc_lpc4088.o(.text)
    rtc_leer_fecha                           0x00003e93   Thumb Code    28  rtc_lpc4088.o(.text)
    rtc_ajustar_fecha                        0x00003eaf   Thumb Code    40  rtc_lpc4088.o(.text)
    delay                                    0x00003edd   Thumb Code    14  sd_lpc4088_mci.o(.text)
    mci_set_speed                            0x00003eeb   Thumb Code    32  sd_lpc4088_mci.o(.text)
    sd_command                               0x00003f0b   Thumb Code   158  sd_lpc4088_mci.o(.text)
    sd_init                                  0x00003fa9   Thumb Code   458  sd_lpc4088_mci.o(.text)
    sd_status                                0x00004173   Thumb Code     6  sd_lpc4088_mci.o(.text)
    sd_read                                  0x00004179   Thumb Code   188  sd_lpc4088_mci.o(.text)
    sd_write                                 0x00004235   Thumb Code   306  sd_lpc4088_mci.o(.text)
    sd_ioctl                                 0x00004367   Thumb Code   150  sd_lpc4088_mci.o(.text)
    get_fattime                              0x000043fd   Thumb Code    66  sd_lpc4088_mci.o(.text)
    ff_convert                               0x0000444d   Thumb Code    70  soporte_nombres_largos.o(.text)
    ff_wtoupper                              0x00004493   Thumb Code    46  soporte_nombres_largos.o(.text)
    sonido_inicializar                       0x000044cd   Thumb Code    98  sonido.o(.text)
    sonido_en_reproduccion                   0x0000452f   Thumb Code     6  sonido.o(.text)
    sonido_reproducir                        0x00004535   Thumb Code    44  sonido.o(.text)
    TIMER0_IRQHandler                        0x00004561   Thumb Code    86  sonido.o(.text)
    timer1_retardo_ms                        0x000045d5   Thumb Code    74  timer1_lpc4088.o(.text)
    timer1_retardo_us                        0x0000461f   Thumb Code    74  timer1_lpc4088.o(.text)
    Reset_Handler                            0x00004679   Thumb Code     8  startup_lpc407x_8x_177x_8x.o(.text)
    NMI_Handler                              0x00004681   Thumb Code     2  startup_lpc407x_8x_177x_8x.o(.text)
    HardFault_Handler                        0x00004683   Thumb Code     2  startup_lpc407x_8x_177x_8x.o(.text)
    MemManage_Handler                        0x00004685   Thumb Code     2  startup_lpc407x_8x_177x_8x.o(.text)
    BusFault_Handler                         0x00004687   Thumb Code     2  startup_lpc407x_8x_177x_8x.o(.text)
    UsageFault_Handler                       0x00004689   Thumb Code     2  startup_lpc407x_8x_177x_8x.o(.text)
    SVC_Handler                              0x0000468b   Thumb Code     2  startup_lpc407x_8x_177x_8x.o(.text)
    DebugMon_Handler                         0x0000468d   Thumb Code     2  startup_lpc407x_8x_177x_8x.o(.text)
    PendSV_Handler                           0x0000468f   Thumb Code     2  startup_lpc407x_8x_177x_8x.o(.text)
    SysTick_Handler                          0x00004691   Thumb Code     2  startup_lpc407x_8x_177x_8x.o(.text)
    ADC_IRQHandler                           0x00004693   Thumb Code     0  startup_lpc407x_8x_177x_8x.o(.text)
    BOD_IRQHandler                           0x00004693   Thumb Code     0  startup_lpc407x_8x_177x_8x.o(.text)
    CANActivity_IRQHandler                   0x00004693   Thumb Code     0  startup_lpc407x_8x_177x_8x.o(.text)
    CAN_IRQHandler                           0x00004693   Thumb Code     0  startup_lpc407x_8x_177x_8x.o(.text)
    DMA_IRQHandler                           0x00004693   Thumb Code     0  startup_lpc407x_8x_177x_8x.o(.text)
    EEPROM_IRQHandler                        0x00004693   Thumb Code     0  startup_lpc407x_8x_177x_8x.o(.text)
    EINT0_IRQHandler                         0x00004693   Thumb Code     0  startup_lpc407x_8x_177x_8x.o(.text)
    EINT1_IRQHandler                         0x00004693   Thumb Code     0  startup_lpc407x_8x_177x_8x.o(.text)
    EINT2_IRQHandler                         0x00004693   Thumb Code     0  startup_lpc407x_8x_177x_8x.o(.text)
    EINT3_IRQHandler                         0x00004693   Thumb Code     0  startup_lpc407x_8x_177x_8x.o(.text)
    ENET_IRQHandler                          0x00004693   Thumb Code     0  startup_lpc407x_8x_177x_8x.o(.text)
    GPIO_IRQHandler                          0x00004693   Thumb Code     0  startup_lpc407x_8x_177x_8x.o(.text)
    I2C0_IRQHandler                          0x00004693   Thumb Code     0  startup_lpc407x_8x_177x_8x.o(.text)
    I2C1_IRQHandler                          0x00004693   Thumb Code     0  startup_lpc407x_8x_177x_8x.o(.text)
    I2C2_IRQHandler                          0x00004693   Thumb Code     0  startup_lpc407x_8x_177x_8x.o(.text)
    I2S_IRQHandler                           0x00004693   Thumb Code     0  startup_lpc407x_8x_177x_8x.o(.text)
    LCD_IRQHandler                           0x00004693   Thumb Code     0  startup_lpc407x_8x_177x_8x.o(.text)
    MCI_IRQHandler                           0x00004693   Thumb Code     0  startup_lpc407x_8x_177x_8x.o(.text)
    MCPWM_IRQHandler                         0x00004693   Thumb Code     0  startup_lpc407x_8x_177x_8x.o(.text)
    PLL0_IRQHandler                          0x00004693   Thumb Code     0  startup_lpc407x_8x_177x_8x.o(.text)
    PLL1_IRQHandler                          0x00004693   Thumb Code     0  startup_lpc407x_8x_177x_8x.o(.text)
    PWM0_IRQHandler                          0x00004693   Thumb Code     0  startup_lpc407x_8x_177x_8x.o(.text)
    PWM1_IRQHandler                          0x00004693   Thumb Code     0  startup_lpc407x_8x_177x_8x.o(.text)
    QEI_IRQHandler                           0x00004693   Thumb Code     0  startup_lpc407x_8x_177x_8x.o(.text)
    RTC_IRQHandler                           0x00004693   Thumb Code     0  startup_lpc407x_8x_177x_8x.o(.text)
    SSP0_IRQHandler                          0x00004693   Thumb Code     0  startup_lpc407x_8x_177x_8x.o(.text)
    SSP1_IRQHandler                          0x00004693   Thumb Code     0  startup_lpc407x_8x_177x_8x.o(.text)
    SSP2_IRQHandler                          0x00004693   Thumb Code     0  startup_lpc407x_8x_177x_8x.o(.text)
    TIMER1_IRQHandler                        0x00004693   Thumb Code     0  startup_lpc407x_8x_177x_8x.o(.text)
    TIMER2_IRQHandler                        0x00004693   Thumb Code     0  startup_lpc407x_8x_177x_8x.o(.text)
    TIMER3_IRQHandler                        0x00004693   Thumb Code     0  startup_lpc407x_8x_177x_8x.o(.text)
    UART0_IRQHandler                         0x00004693   Thumb Code     0  startup_lpc407x_8x_177x_8x.o(.text)
    UART1_IRQHandler                         0x00004693   Thumb Code     0  startup_lpc407x_8x_177x_8x.o(.text)
    UART2_IRQHandler                         0x00004693   Thumb Code     0  startup_lpc407x_8x_177x_8x.o(.text)
    UART3_IRQHandler                         0x00004693   Thumb Code     0  startup_lpc407x_8x_177x_8x.o(.text)
    UART4_IRQHandler                         0x00004693   Thumb Code     0  startup_lpc407x_8x_177x_8x.o(.text)
    USBActivity_IRQHandler                   0x00004693   Thumb Code     0  startup_lpc407x_8x_177x_8x.o(.text)
    USB_IRQHandler                           0x00004693   Thumb Code     0  startup_lpc407x_8x_177x_8x.o(.text)
    WDT_IRQHandler                           0x00004693   Thumb Code     0  startup_lpc407x_8x_177x_8x.o(.text)
    __user_initial_stackheap                 0x00004695   Thumb Code     0  startup_lpc407x_8x_177x_8x.o(.text)
    SystemCoreClockUpdate                    0x000046b5   Thumb Code   696  system_lpc407x_8x_177x_8x.o(.text)
    fpu_init                                 0x0000496d   Thumb Code    62  system_lpc407x_8x_177x_8x.o(.text)
    SystemInit_ExtMemCtl                     0x000049d1   Thumb Code   520  system_lpc407x_8x_177x_8x.o(.text)
    SystemInit                               0x00004bd9   Thumb Code   228  system_lpc407x_8x_177x_8x.o(.text)
    __aeabi_memset                           0x00004ce9   Thumb Code    16  aeabi_memset.o(.text)
    __use_two_region_memory                  0x00004cf9   Thumb Code     2  heapauxi.o(.text)
    __rt_heap_escrow$2region                 0x00004cfb   Thumb Code     2  heapauxi.o(.text)
    __rt_heap_expand$2region                 0x00004cfd   Thumb Code     2  heapauxi.o(.text)
    __aeabi_memclr                           0x00004cff   Thumb Code     0  rt_memclr.o(.text)
    __rt_memclr                              0x00004cff   Thumb Code    68  rt_memclr.o(.text)
    _memset                                  0x00004d03   Thumb Code     0  rt_memclr.o(.text)
    __aeabi_memclr4                          0x00004d43   Thumb Code     0  rt_memclr_w.o(.text)
    __aeabi_memclr8                          0x00004d43   Thumb Code     0  rt_memclr_w.o(.text)
    __rt_memclr_w                            0x00004d43   Thumb Code    78  rt_memclr_w.o(.text)
    _memset_w                                0x00004d47   Thumb Code     0  rt_memclr_w.o(.text)
    __user_setup_stackheap                   0x00004d91   Thumb Code    74  sys_stackheap_outer.o(.text)
    exit                                     0x00004ddb   Thumb Code    12  exit.o(.text)
    __user_libspace                          0x00004de9   Thumb Code     8  libspace.o(.text)
    __user_perproc_libspace                  0x00004de9   Thumb Code     0  libspace.o(.text)
    __user_perthread_libspace                0x00004de9   Thumb Code     0  libspace.o(.text)
    _sys_exit                                0x00004df1   Thumb Code     8  sys_exit.o(.text)
    _fp_init                                 0x00004dfd   Thumb Code    10  fpinit.o(x$fpl$fpinit)
    __fplib_config_fpu_vfp                   0x00004e05   Thumb Code     0  fpinit.o(x$fpl$fpinit)
    __fplib_config_pureend_doubles           0x00004e05   Thumb Code     0  fpinit.o(x$fpl$fpinit)
    font8x16                                 0x00004e06   Data        1520  font8x16.o(.constdata)
    font16x32                                0x000053f6   Data       12288  font16x32.o(.constdata)
    Region$$Table$$Base                      0x00008944   Number         0  anon$$obj.o(Region$$Table)
    Region$$Table$$Limit                     0x00008964   Number         0  anon$$obj.o(Region$$Table)
    bateria                                  0x10000000   Data           8  main.o(.data)
    maraca                                   0x10000008   Data           8  main.o(.data)
    taiko                                    0x10000010   Data           8  main.o(.data)
    bytes_from_nunchuck                      0x10000018   Data           6  main.o(.data)
    joystick_x                               0x1000001e   Data           1  main.o(.data)
    joystick_y                               0x1000001f   Data           1  main.o(.data)
    acelerometro_x                           0x10000020   Data           4  main.o(.data)
    acelerometro_y                           0x10000024   Data           4  main.o(.data)
    acelerometro_z                           0x10000028   Data           4  main.o(.data)
    c_button                                 0x1000002c   Data           1  main.o(.data)
    z_button                                 0x1000002d   Data           1  main.o(.data)
    rel_addr                                 0x10000044   Data           4  sd_lpc4088_mci.o(.data)
    SystemCoreClock                          0x1000005c   Data           4  system_lpc407x_8x_177x_8x.o(.data)
    PeripheralClock                          0x10000060   Data           4  system_lpc407x_8x_177x_8x.o(.data)
    EMCClock                                 0x10000064   Data           4  system_lpc407x_8x_177x_8x.o(.data)
    USBClock                                 0x10000068   Data           4  system_lpc407x_8x_177x_8x.o(.data)
    fs                                       0x1000006c   Data         564  main.o(.bss)
    bmpfh                                    0x100002a0   Data          14  main.o(.bss)
    bmpih                                    0x100002ae   Data          40  main.o(.bss)
    wavh                                     0x100002d8   Data          44  main.o(.bss)
    __libspace_start                         0x10000504   Data          96  libspace.o(.bss)
    __temporary_stack_top$libspace           0x10000564   Data           0  libspace.o(.bss)
    drum_muestras                            0xa0200000   Data       72000  main.o(.ARM.__AT_0xA0200000)
    maraca_muestras                          0xa0211940   Data       139408  main.o(.ARM.__AT_0xA0211940)
    taiko_muestras                           0xa02339d0   Data       229952  main.o(.ARM.__AT_0xA02339D0)



==============================================================================

Memory Map of the image

  Image Entry point : 0x00004679

  Load Region LR_1 (Base: 0x00000000, Size: 0x000089d0, Max: 0xffffffff, ABSOLUTE)

    Execution Region ER_RO (Base: 0x00000000, Size: 0x00008964, Max: 0xffffffff, ABSOLUTE)

    Base Addr    Size         Type   Attr      Idx    E Section Name        Object

    0x00000000   0x000000e4   Data   RO          440    RESET               startup_lpc407x_8x_177x_8x.o
    0x000000e4   0x00000008   Code   RO          484  * !!!main             c_w.l(__main.o)
    0x000000ec   0x00000034   Code   RO          644    !!!scatter          c_w.l(__scatter.o)
    0x00000120   0x0000001a   Code   RO          646    !!handler_copy      c_w.l(__scatter_copy.o)
    0x0000013a   0x00000002   PAD
    0x0000013c   0x0000001c   Code   RO          648    !!handler_zi        c_w.l(__scatter_zi.o)
    0x00000158   0x00000002   Code   RO          515    .ARM.Collect$$libinit$$00000000  c_w.l(libinit.o)
    0x0000015a   0x00000004   Code   RO          521    .ARM.Collect$$libinit$$00000001  c_w.l(libinit2.o)
    0x0000015e   0x00000000   Code   RO          524    .ARM.Collect$$libinit$$00000004  c_w.l(libinit2.o)
    0x0000015e   0x00000000   Code   RO          527    .ARM.Collect$$libinit$$0000000A  c_w.l(libinit2.o)
    0x0000015e   0x00000000   Code   RO          529    .ARM.Collect$$libinit$$0000000C  c_w.l(libinit2.o)
    0x0000015e   0x00000000   Code   RO          531    .ARM.Collect$$libinit$$0000000E  c_w.l(libinit2.o)
    0x0000015e   0x00000000   Code   RO          534    .ARM.Collect$$libinit$$00000011  c_w.l(libinit2.o)
    0x0000015e   0x00000000   Code   RO          536    .ARM.Collect$$libinit$$00000013  c_w.l(libinit2.o)
    0x0000015e   0x00000000   Code   RO          538    .ARM.Collect$$libinit$$00000015  c_w.l(libinit2.o)
    0x0000015e   0x00000000   Code   RO          540    .ARM.Collect$$libinit$$00000017  c_w.l(libinit2.o)
    0x0000015e   0x00000000   Code   RO          542    .ARM.Collect$$libinit$$00000019  c_w.l(libinit2.o)
    0x0000015e   0x00000000   Code   RO          544    .ARM.Collect$$libinit$$0000001B  c_w.l(libinit2.o)
    0x0000015e   0x00000000   Code   RO          546    .ARM.Collect$$libinit$$0000001D  c_w.l(libinit2.o)
    0x0000015e   0x00000000   Code   RO          548    .ARM.Collect$$libinit$$0000001F  c_w.l(libinit2.o)
    0x0000015e   0x00000000   Code   RO          550    .ARM.Collect$$libinit$$00000021  c_w.l(libinit2.o)
    0x0000015e   0x00000000   Code   RO          552    .ARM.Collect$$libinit$$00000023  c_w.l(libinit2.o)
    0x0000015e   0x00000000   Code   RO          554    .ARM.Collect$$libinit$$00000025  c_w.l(libinit2.o)
    0x0000015e   0x00000000   Code   RO          558    .ARM.Collect$$libinit$$0000002C  c_w.l(libinit2.o)
    0x0000015e   0x00000000   Code   RO          560    .ARM.Collect$$libinit$$0000002E  c_w.l(libinit2.o)
    0x0000015e   0x00000000   Code   RO          562    .ARM.Collect$$libinit$$00000030  c_w.l(libinit2.o)
    0x0000015e   0x00000000   Code   RO          564    .ARM.Collect$$libinit$$00000032  c_w.l(libinit2.o)
    0x0000015e   0x00000002   Code   RO          565    .ARM.Collect$$libinit$$00000033  c_w.l(libinit2.o)
    0x00000160   0x00000002   Code   RO          585    .ARM.Collect$$libshutdown$$00000000  c_w.l(libshutdown.o)
    0x00000162   0x00000000   Code   RO          599    .ARM.Collect$$libshutdown$$00000003  c_w.l(libshutdown2.o)
    0x00000162   0x00000000   Code   RO          602    .ARM.Collect$$libshutdown$$00000006  c_w.l(libshutdown2.o)
    0x00000162   0x00000000   Code   RO          605    .ARM.Collect$$libshutdown$$00000009  c_w.l(libshutdown2.o)
    0x00000162   0x00000000   Code   RO          607    .ARM.Collect$$libshutdown$$0000000B  c_w.l(libshutdown2.o)
    0x00000162   0x00000000   Code   RO          610    .ARM.Collect$$libshutdown$$0000000E  c_w.l(libshutdown2.o)
    0x00000162   0x00000002   Code   RO          611    .ARM.Collect$$libshutdown$$0000000F  c_w.l(libshutdown2.o)
    0x00000164   0x00000000   Code   RO          486    .ARM.Collect$$rtentry$$00000000  c_w.l(__rtentry.o)
    0x00000164   0x00000000   Code   RO          490    .ARM.Collect$$rtentry$$00000002  c_w.l(__rtentry2.o)
    0x00000164   0x00000006   Code   RO          502    .ARM.Collect$$rtentry$$00000004  c_w.l(__rtentry4.o)
    0x0000016a   0x00000000   Code   RO          492    .ARM.Collect$$rtentry$$00000009  c_w.l(__rtentry2.o)
    0x0000016a   0x00000004   Code   RO          493    .ARM.Collect$$rtentry$$0000000A  c_w.l(__rtentry2.o)
    0x0000016e   0x00000000   Code   RO          495    .ARM.Collect$$rtentry$$0000000C  c_w.l(__rtentry2.o)
    0x0000016e   0x00000008   Code   RO          496    .ARM.Collect$$rtentry$$0000000D  c_w.l(__rtentry2.o)
    0x00000176   0x00000002   Code   RO          519    .ARM.Collect$$rtexit$$00000000  c_w.l(rtexit.o)
    0x00000178   0x00000000   Code   RO          567    .ARM.Collect$$rtexit$$00000002  c_w.l(rtexit2.o)
    0x00000178   0x00000004   Code   RO          568    .ARM.Collect$$rtexit$$00000003  c_w.l(rtexit2.o)
    0x0000017c   0x00000006   Code   RO          569    .ARM.Collect$$rtexit$$00000004  c_w.l(rtexit2.o)
    0x00000182   0x00000002   PAD
    0x00000184   0x000000c8   Code   RO           83    .text               i2c0_lpc4088.o
    0x0000024c   0x0000007a   Code   RO          175    .text               nunchuk.o
    0x000002c6   0x00000002   PAD
    0x000002c8   0x00000030   Code   RO          360    .text               dac_lpc4088.o
    0x000002f8   0x00000002   Code   RO          588    .text               c_w.l(use_no_semi.o)
    0x000002fa   0x00000000   Code   RO          590    .text               c_w.l(indicate_semi.o)
    0x000002fa   0x00000002   PAD
    0x000002fc   0x00000004   Code   RO          441    .ARM.__at_0x02FC    startup_lpc407x_8x_177x_8x.o
    0x00000300   0x0000089c   Code   RO           25    .text               glcd.o
    0x00000b9c   0x00000450   Code   RO          110    .text               main.o
    0x00000fec   0x0000070c   Code   RO          190    .text               sdram.o
    0x000016f8   0x00000080   Code   RO          237    .text               diskio.o
    0x00001778   0x000026cc   Code   RO          258    .text               ff.o
    0x00003e44   0x00000098   Code   RO          286    .text               rtc_lpc4088.o
    0x00003edc   0x00000570   Code   RO          310    .text               sd_lpc4088_mci.o
    0x0000444c   0x00000080   Code   RO          340    .text               soporte_nombres_largos.o
    0x000044cc   0x00000108   Code   RO          387    .text               sonido.o
    0x000045d4   0x000000a4   Code   RO          417    .text               timer1_lpc4088.o
    0x00004678   0x0000003c   Code   RO          442  * .text               startup_lpc407x_8x_177x_8x.o
    0x000046b4   0x00000634   Code   RO          451    .text               system_lpc407x_8x_177x_8x.o
    0x00004ce8   0x00000010   Code   RO          480    .text               c_w.l(aeabi_memset.o)
    0x00004cf8   0x00000006   Code   RO          482    .text               c_w.l(heapauxi.o)
    0x00004cfe   0x00000044   Code   RO          487    .text               c_w.l(rt_memclr.o)
    0x00004d42   0x0000004e   Code   RO          504    .text               c_w.l(rt_memclr_w.o)
    0x00004d90   0x0000004a   Code   RO          506    .text               c_w.l(sys_stackheap_outer.o)
    0x00004dda   0x0000000c   Code   RO          508    .text               c_w.l(exit.o)
    0x00004de6   0x00000002   PAD
    0x00004de8   0x00000008   Code   RO          516    .text               c_w.l(libspace.o)
    0x00004df0   0x0000000c   Code   RO          577    .text               c_w.l(sys_exit.o)
    0x00004dfc   0x0000000a   Code   RO          575    x$fpl$fpinit        fz_wm.l(fpinit.o)
    0x00004e06   0x000005f0   Data   RO            1    .constdata          font8x16.o
    0x000053f6   0x00003000   Data   RO           10    .constdata          font16x32.o
    0x000083f6   0x0000008d   Data   RO          260    .constdata          ff.o
    0x00008483   0x00000001   PAD
    0x00008484   0x000004c0   Data   RO          341    .constdata          soporte_nombres_largos.o
    0x00008944   0x00000020   Data   RO          642    Region$$Table       anon$$obj.o


    Execution Region ER_RW (Base: 0x10000000, Size: 0x0000006c, Max: 0xffffffff, ABSOLUTE)

    Base Addr    Size         Type   Attr      Idx    E Section Name        Object

    0x10000000   0x0000002e   Data   RW          115    .data               main.o
    0x1000002e   0x00000002   PAD
    0x10000030   0x00000008   Data   RW          191    .data               sdram.o
    0x10000038   0x00000006   Data   RW          261    .data               ff.o
    0x1000003e   0x00000002   PAD
    0x10000040   0x00000010   Data   RW          311    .data               sd_lpc4088_mci.o
    0x10000050   0x0000000c   Data   RW          388    .data               sonido.o
    0x1000005c   0x00000010   Data   RW          452    .data               system_lpc407x_8x_177x_8x.o


    Execution Region ER_ZI (Base: 0x1000006c, Size: 0x000008fc, Max: 0xffffffff, ABSOLUTE)

    Base Addr    Size         Type   Attr      Idx    E Section Name        Object

    0x1000006c   0x00000298   Zero   RW          114    .bss                main.o
    0x10000304   0x00000200   Zero   RW          259    .bss                ff.o
    0x10000504   0x00000060   Zero   RW          517    .bss                c_w.l(libspace.o)
    0x10000564   0x00000004   PAD
    0x10000568   0x00000000   Zero   RW          439    HEAP                startup_lpc407x_8x_177x_8x.o
    0x10000568   0x00000400   Zero   RW          438    STACK               startup_lpc407x_8x_177x_8x.o



  Load Region LR$$.ARM.__AT_0xA0200000 (Base: 0xa0200000, Size: 0x00000000, Max: 0x00011940, ABSOLUTE)

    Execution Region ER$$.ARM.__AT_0xA0200000 (Base: 0xa0200000, Size: 0x00011940, Max: 0x00011940, ABSOLUTE, UNINIT)

    Base Addr    Size         Type   Attr      Idx    E Section Name        Object

    0xa0200000   0x00011940   Zero   RW          111    .ARM.__AT_0xA0200000  main.o



  Load Region LR$$.ARM.__AT_0xA0211940 (Base: 0xa0211940, Size: 0x00000000, Max: 0x00022090, ABSOLUTE)

    Execution Region ER$$.ARM.__AT_0xA0211940 (Base: 0xa0211940, Size: 0x00022090, Max: 0x00022090, ABSOLUTE, UNINIT)

    Base Addr    Size         Type   Attr      Idx    E Section Name        Object

    0xa0211940   0x00022090   Zero   RW          112    .ARM.__AT_0xA0211940  main.o



  Load Region LR$$.ARM.__AT_0xA02339D0 (Base: 0xa02339d0, Size: 0x00000000, Max: 0x00038240, ABSOLUTE)

    Execution Region ER$$.ARM.__AT_0xA02339D0 (Base: 0xa02339d0, Size: 0x00038240, Max: 0x00038240, ABSOLUTE, UNINIT)

    Base Addr    Size         Type   Attr      Idx    E Section Name        Object

    0xa02339d0   0x00038240   Zero   RW          113    .ARM.__AT_0xA02339D0  main.o


==============================================================================

Image component sizes


      Code (inc. data)   RO Data    RW Data    ZI Data      Debug   Object Name

        48         14          0          0          0        740   dac_lpc4088.o
       128          0          0          0          0       3378   diskio.o
      9932         64        141          6        512      30934   ff.o
         0          0      12288          0          0        448   font16x32.o
         0          0       1520          0          0       1815   font8x16.o
      2204         82          0          0          0      31695   glcd.o
       200         14          0          0          0       1423   i2c0_lpc4088.o
      1104        146          0         46     442024       8136   main.o
       122          0          0          0          0       1101   nunchuk.o
       152          6          0          0          0       1538   rtc_lpc4088.o
      1392         50          0         16          0       5576   sd_lpc4088_mci.o
      1804         36          0          8          0       3347   sdram.o
       264         30          0         12          0      28479   sonido.o
       128         12       1216          0          0       1509   soporte_nombres_largos.o
        64         26        228          0       1024       1096   startup_lpc407x_8x_177x_8x.o
      1588         96          0         16          0       7101   system_lpc407x_8x_177x_8x.o
       164         16          0          0          0        690   timer1_lpc4088.o

    ----------------------------------------------------------------------
     19296        592      15426        108     443560     129006   Object Totals
         0          0         32          0          0          0   (incl. Generated)
         2          0          1          4          0          0   (incl. Padding)

    ----------------------------------------------------------------------

      Code (inc. data)   RO Data    RW Data    ZI Data      Debug   Library Member Name

         8          0          0          0          0         68   __main.o
         0          0          0          0          0          0   __rtentry.o
        12          0          0          0          0          0   __rtentry2.o
         6          0          0          0          0          0   __rtentry4.o
        52          8          0          0          0          0   __scatter.o
        26          0          0          0          0          0   __scatter_copy.o
        28          0          0          0          0          0   __scatter_zi.o
        16          0          0          0          0         68   aeabi_memset.o
        12          0          0          0          0         72   exit.o
         6          0          0          0          0        152   heapauxi.o
         0          0          0          0          0          0   indicate_semi.o
         2          0          0          0          0          0   libinit.o
         6          0          0          0          0          0   libinit2.o
         2          0          0          0          0          0   libshutdown.o
         2          0          0          0          0          0   libshutdown2.o
         8          4          0          0         96         68   libspace.o
        68          0          0          0          0         68   rt_memclr.o
        78          0          0          0          0         80   rt_memclr_w.o
         2          0          0          0          0          0   rtexit.o
        10          0          0          0          0          0   rtexit2.o
        12          4          0          0          0         68   sys_exit.o
        74          0          0          0          0         80   sys_stackheap_outer.o
         2          0          0          0          0         68   use_no_semi.o
        10          0          0          0          0        116   fpinit.o

    ----------------------------------------------------------------------
       450         16          0          0        100        908   Library Totals
         8          0          0          0          4          0   (incl. Padding)

    ----------------------------------------------------------------------

      Code (inc. data)   RO Data    RW Data    ZI Data      Debug   Library Name

       432         16          0          0         96        792   c_w.l
        10          0          0          0          0        116   fz_wm.l

    ----------------------------------------------------------------------
       450         16          0          0        100        908   Library Totals

    ----------------------------------------------------------------------

==============================================================================


      Code (inc. data)   RO Data    RW Data    ZI Data      Debug   

     19746        608      15426        108     443660     126902   Grand Totals
     19746        608      15426        108     443660     126902   ELF Image Totals
     19746        608      15426        108          0          0   ROM Totals

==============================================================================

    Total RO  Size (Code + RO Data)                35172 (  34.35kB)
    Total RW  Size (RW Data + ZI Data)            443768 ( 433.37kB)
    Total ROM Size (Code + RO Data + RW Data)      35280 (  34.45kB)

==============================================================================

